Archive member included to satisfy reference by file (symbol)

/mnt/disk0/st/stm32cubeide_1.16.1/plugins/com.st.stm32cube.ide.mcu.externaltools.gnu-tools-for-stm32.12.3.rel1.linux64_1.0.200.202406132123/tools/bin/../lib/gcc/arm-none-eabi/12.3.1/../../../../arm-none-eabi/lib/thumb/v7e-m+fp/hard/libc_nano.a(libc_a-exit.o)
                              /mnt/disk0/st/stm32cubeide_1.16.1/plugins/com.st.stm32cube.ide.mcu.externaltools.gnu-tools-for-stm32.12.3.rel1.linux64_1.0.200.202406132123/tools/bin/../lib/gcc/arm-none-eabi/12.3.1/../../../../arm-none-eabi/lib/thumb/v7e-m+fp/hard/crt0.o (exit)
/mnt/disk0/st/stm32cubeide_1.16.1/plugins/com.st.stm32cube.ide.mcu.externaltools.gnu-tools-for-stm32.12.3.rel1.linux64_1.0.200.202406132123/tools/bin/../lib/gcc/arm-none-eabi/12.3.1/../../../../arm-none-eabi/lib/thumb/v7e-m+fp/hard/libc_nano.a(libc_a-findfp.o)
                              /mnt/disk0/st/stm32cubeide_1.16.1/plugins/com.st.stm32cube.ide.mcu.externaltools.gnu-tools-for-stm32.12.3.rel1.linux64_1.0.200.202406132123/tools/bin/../lib/gcc/arm-none-eabi/12.3.1/../../../../arm-none-eabi/lib/thumb/v7e-m+fp/hard/libc_nano.a(libc_a-exit.o) (__stdio_exit_handler)
/mnt/disk0/st/stm32cubeide_1.16.1/plugins/com.st.stm32cube.ide.mcu.externaltools.gnu-tools-for-stm32.12.3.rel1.linux64_1.0.200.202406132123/tools/bin/../lib/gcc/arm-none-eabi/12.3.1/../../../../arm-none-eabi/lib/thumb/v7e-m+fp/hard/libc_nano.a(libc_a-fwalk.o)
                              /mnt/disk0/st/stm32cubeide_1.16.1/plugins/com.st.stm32cube.ide.mcu.externaltools.gnu-tools-for-stm32.12.3.rel1.linux64_1.0.200.202406132123/tools/bin/../lib/gcc/arm-none-eabi/12.3.1/../../../../arm-none-eabi/lib/thumb/v7e-m+fp/hard/libc_nano.a(libc_a-findfp.o) (_fwalk_sglue)
/mnt/disk0/st/stm32cubeide_1.16.1/plugins/com.st.stm32cube.ide.mcu.externaltools.gnu-tools-for-stm32.12.3.rel1.linux64_1.0.200.202406132123/tools/bin/../lib/gcc/arm-none-eabi/12.3.1/../../../../arm-none-eabi/lib/thumb/v7e-m+fp/hard/libc_nano.a(libc_a-stdio.o)
                              /mnt/disk0/st/stm32cubeide_1.16.1/plugins/com.st.stm32cube.ide.mcu.externaltools.gnu-tools-for-stm32.12.3.rel1.linux64_1.0.200.202406132123/tools/bin/../lib/gcc/arm-none-eabi/12.3.1/../../../../arm-none-eabi/lib/thumb/v7e-m+fp/hard/libc_nano.a(libc_a-findfp.o) (__sread)
/mnt/disk0/st/stm32cubeide_1.16.1/plugins/com.st.stm32cube.ide.mcu.externaltools.gnu-tools-for-stm32.12.3.rel1.linux64_1.0.200.202406132123/tools/bin/../lib/gcc/arm-none-eabi/12.3.1/../../../../arm-none-eabi/lib/thumb/v7e-m+fp/hard/libc_nano.a(libc_a-memset.o)
                              /mnt/disk0/st/stm32cubeide_1.16.1/plugins/com.st.stm32cube.ide.mcu.externaltools.gnu-tools-for-stm32.12.3.rel1.linux64_1.0.200.202406132123/tools/bin/../lib/gcc/arm-none-eabi/12.3.1/../../../../arm-none-eabi/lib/thumb/v7e-m+fp/hard/crt0.o (memset)
/mnt/disk0/st/stm32cubeide_1.16.1/plugins/com.st.stm32cube.ide.mcu.externaltools.gnu-tools-for-stm32.12.3.rel1.linux64_1.0.200.202406132123/tools/bin/../lib/gcc/arm-none-eabi/12.3.1/../../../../arm-none-eabi/lib/thumb/v7e-m+fp/hard/libc_nano.a(libc_a-closer.o)
                              /mnt/disk0/st/stm32cubeide_1.16.1/plugins/com.st.stm32cube.ide.mcu.externaltools.gnu-tools-for-stm32.12.3.rel1.linux64_1.0.200.202406132123/tools/bin/../lib/gcc/arm-none-eabi/12.3.1/../../../../arm-none-eabi/lib/thumb/v7e-m+fp/hard/libc_nano.a(libc_a-stdio.o) (_close_r)
/mnt/disk0/st/stm32cubeide_1.16.1/plugins/com.st.stm32cube.ide.mcu.externaltools.gnu-tools-for-stm32.12.3.rel1.linux64_1.0.200.202406132123/tools/bin/../lib/gcc/arm-none-eabi/12.3.1/../../../../arm-none-eabi/lib/thumb/v7e-m+fp/hard/libc_nano.a(libc_a-reent.o)
                              /mnt/disk0/st/stm32cubeide_1.16.1/plugins/com.st.stm32cube.ide.mcu.externaltools.gnu-tools-for-stm32.12.3.rel1.linux64_1.0.200.202406132123/tools/bin/../lib/gcc/arm-none-eabi/12.3.1/../../../../arm-none-eabi/lib/thumb/v7e-m+fp/hard/libc_nano.a(libc_a-closer.o) (errno)
/mnt/disk0/st/stm32cubeide_1.16.1/plugins/com.st.stm32cube.ide.mcu.externaltools.gnu-tools-for-stm32.12.3.rel1.linux64_1.0.200.202406132123/tools/bin/../lib/gcc/arm-none-eabi/12.3.1/../../../../arm-none-eabi/lib/thumb/v7e-m+fp/hard/libc_nano.a(libc_a-impure.o)
                              /mnt/disk0/st/stm32cubeide_1.16.1/plugins/com.st.stm32cube.ide.mcu.externaltools.gnu-tools-for-stm32.12.3.rel1.linux64_1.0.200.202406132123/tools/bin/../lib/gcc/arm-none-eabi/12.3.1/../../../../arm-none-eabi/lib/thumb/v7e-m+fp/hard/libc_nano.a(libc_a-reent.o) (_impure_ptr)
/mnt/disk0/st/stm32cubeide_1.16.1/plugins/com.st.stm32cube.ide.mcu.externaltools.gnu-tools-for-stm32.12.3.rel1.linux64_1.0.200.202406132123/tools/bin/../lib/gcc/arm-none-eabi/12.3.1/../../../../arm-none-eabi/lib/thumb/v7e-m+fp/hard/libc_nano.a(libc_a-lseekr.o)
[...]
Memory Configuration

Name             Origin             Length             Attributes
CCMRAM           0x10000000         0x00010000         xrw
RAM              0x20000000         0x00030000         xrw
FLASH            0x08000000         0x00200000         xr
*default*        0x00000000         0xffffffff

Linker script and memory map

LOAD /mnt/disk0/st/stm32cubeide_1.16.1/plugins/com.st.stm32cube.ide.mcu.externaltools.gnu-tools-for-stm32.12.3.rel1.linux64_1.0.200.202406132123/tools/bin/../lib/gcc/arm-none-eabi/12.3.1/thumb/v7e-m+fp/hard/crti.o
LOAD /mnt/disk0/st/stm32cubeide_1.16.1/plugins/com.st.stm32cube.ide.mcu.externaltools.gnu-tools-for-stm32.12.3.rel1.linux64_1.0.200.202406132123/tools/bin/../lib/gcc/arm-none-eabi/12.3.1/thumb/v7e-m+fp/hard/crtbegin.o
LOAD /mnt/disk0/st/stm32cubeide_1.16.1/plugins/com.st.stm32cube.ide.mcu.externaltools.gnu-tools-for-stm32.12.3.rel1.linux64_1.0.200.202406132123/tools/bin/../lib/gcc/arm-none-eabi/12.3.1/../../../../arm-none-eabi/lib/thumb/v7e-m+fp/hard/crt0.o
LOAD ./Core/Src/core_list_join.o
LOAD ./Core/Src/core_main.o
LOAD ./Core/Src/core_matrix.o
LOAD ./Core/Src/core_portme.o
LOAD ./Core/Src/core_state.o
LOAD ./Core/Src/core_util.o
LOAD ./Core/Src/cvt.o
LOAD ./Core/Src/ee_printf.o
LOAD ./Core/Src/gpio.o
LOAD ./Core/Src/main.o
LOAD ./Core/Src/stm32f4xx_hal_msp.o
LOAD ./Core/Src/stm32f4xx_it.o
LOAD ./Core/Src/syscalls.o
LOAD ./Core/Src/sysmem.o
LOAD ./Core/Src/system_stm32f4xx.o
LOAD ./Core/Src/usart.o
LOAD ./Core/Startup/startup_stm32f427vitx.o
LOAD ./Drivers/STM32F4xx_HAL_Driver/Src/stm32f4xx_hal.o
LOAD ./Drivers/STM32F4xx_HAL_Driver/Src/stm32f4xx_hal_cortex.o
LOAD ./Drivers/STM32F4xx_HAL_Driver/Src/stm32f4xx_hal_dma.o
LOAD ./Drivers/STM32F4xx_HAL_Driver/Src/stm32f4xx_hal_dma_ex.o
LOAD ./Drivers/STM32F4xx_HAL_Driver/Src/stm32f4xx_hal_exti.o
LOAD ./Drivers/STM32F4xx_HAL_Driver/Src/stm32f4xx_hal_flash.o
LOAD ./Drivers/STM32F4xx_HAL_Driver/Src/stm32f4xx_hal_flash_ex.o
LOAD ./Drivers/STM32F4xx_HAL_Driver/Src/stm32f4xx_hal_flash_ramfunc.o
LOAD ./Drivers/STM32F4xx_HAL_Driver/Src/stm32f4xx_hal_gpio.o
LOAD ./Drivers/STM32F4xx_HAL_Driver/Src/stm32f4xx_hal_pwr.o
LOAD ./Drivers/STM32F4xx_HAL_Driver/Src/stm32f4xx_hal_pwr_ex.o
LOAD ./Drivers/STM32F4xx_HAL_Driver/Src/stm32f4xx_hal_rcc.o
LOAD ./Drivers/STM32F4xx_HAL_Driver/Src/stm32f4xx_hal_rcc_ex.o
LOAD ./Drivers/STM32F4xx_HAL_Driver/Src/stm32f4xx_hal_tim.o
LOAD ./Drivers/STM32F4xx_HAL_Driver/Src/stm32f4xx_hal_tim_ex.o
LOAD ./Drivers/STM32F4xx_HAL_Driver/Src/stm32f4xx_hal_uart.o
START GROUP
LOAD /mnt/disk0/st/stm32cubeide_1.16.1/plugins/com.st.stm32cube.ide.mcu.externaltools.gnu-tools-for-stm32.12.3.rel1.linux64_1.0.200.202406132123/tools/bin/../lib/gcc/arm-none-eabi/12.3.1/../../../../arm-none-eabi/lib/thumb/v7e-m+fp/hard/libc_nano.a
LOAD /mnt/disk0/st/stm32cubeide_1.16.1/plugins/com.st.stm32cube.ide.mcu.externaltools.gnu-tools-for-stm32.12.3.rel1.linux64_1.0.200.202406132123/tools/bin/../lib/gcc/arm-none-eabi/12.3.1/../../../../arm-none-eabi/lib/thumb/v7e-m+fp/hard/libm.a
END GROUP
START GROUP
LOAD /mnt/disk0/st/stm32cubeide_1.16.1/plugins/com.st.stm32cube.ide.mcu.externaltools.gnu-tools-for-stm32.12.3.rel1.linux64_1.0.200.202406132123/tools/bin/../lib/gcc/arm-none-eabi/12.3.1/thumb/v7e-m+fp/hard/libgcc.a
LOAD /mnt/disk0/st/stm32cubeide_1.16.1/plugins/com.st.stm32cube.ide.mcu.externaltools.gnu-tools-for-stm32.12.3.rel1.linux64_1.0.200.202406132123/tools/bin/../lib/gcc/arm-none-eabi/12.3.1/../../../../arm-none-eabi/lib/thumb/v7e-m+fp/hard/libc_nano.a
END GROUP
START GROUP
LOAD /mnt/disk0/st/stm32cubeide_1.16.1/plugins/com.st.stm32cube.ide.mcu.externaltools.gnu-tools-for-stm32.12.3.rel1.linux64_1.0.200.202406132123/tools/bin/../lib/gcc/arm-none-eabi/12.3.1/thumb/v7e-m+fp/hard/libgcc.a
LOAD /mnt/disk0/st/stm32cubeide_1.16.1/plugins/com.st.stm32cube.ide.mcu.externaltools.gnu-tools-for-stm32.12.3.rel1.linux64_1.0.200.202406132123/tools/bin/../lib/gcc/arm-none-eabi/12.3.1/../../../../arm-none-eabi/lib/thumb/v7e-m+fp/hard/libc_nano.a
LOAD /mnt/disk0/st/stm32cubeide_1.16.1/plugins/com.st.stm32cube.ide.mcu.externaltools.gnu-tools-for-stm32.12.3.rel1.linux64_1.0.200.202406132123/tools/bin/../lib/gcc/arm-none-eabi/12.3.1/../../../../arm-none-eabi/lib/thumb/v7e-m+fp/hard/libnosys.a
END GROUP
START GROUP
LOAD /mnt/disk0/st/stm32cubeide_1.16.1/plugins/com.st.stm32cube.ide.mcu.externaltools.gnu-tools-for-stm32.12.3.rel1.linux64_1.0.200.202406132123/tools/bin/../lib/gcc/arm-none-eabi/12.3.1/thumb/v7e-m+fp/hard/libgcc.a
LOAD /mnt/disk0/st/stm32cubeide_1.16.1/plugins/com.st.stm32cube.ide.mcu.externaltools.gnu-tools-for-stm32.12.3.rel1.linux64_1.0.200.202406132123/tools/bin/../lib/gcc/arm-none-eabi/12.3.1/../../../../arm-none-eabi/lib/thumb/v7e-m+fp/hard/libc_nano.a
LOAD /mnt/disk0/st/stm32cubeide_1.16.1/plugins/com.st.stm32cube.ide.mcu.externaltools.gnu-tools-for-stm32.12.3.rel1.linux64_1.0.200.202406132123/tools/bin/../lib/gcc/arm-none-eabi/12.3.1/../../../../arm-none-eabi/lib/thumb/v7e-m+fp/hard/libnosys.a
END GROUP
LOAD /mnt/disk0/st/stm32cubeide_1.16.1/plugins/com.st.stm32cube.ide.mcu.externaltools.gnu-tools-for-stm32.12.3.rel1.linux64_1.0.200.202406132123/tools/bin/../lib/gcc/arm-none-eabi/12.3.1/thumb/v7e-m+fp/hard/crtend.o
LOAD /mnt/disk0/st/stm32cubeide_1.16.1/plugins/com.st.stm32cube.ide.mcu.externaltools.gnu-tools-for-stm32.12.3.rel1.linux64_1.0.200.202406132123/tools/bin/../lib/gcc/arm-none-eabi/12.3.1/thumb/v7e-m+fp/hard/crtn.o
                0x20030000                        _estack = (ORIGIN (RAM) + LENGTH (RAM))
                0x00000200                        _Min_Heap_Size = 0x200
                0x00000400                        _Min_Stack_Size = 0x400

.isr_vector     0x08000000      0x1ac
                0x08000000                        . = ALIGN (0x4)
 *(.isr_vector)
 .isr_vector    0x08000000      0x1ac ./Core/Startup/startup_stm32f427vitx.o
                0x08000000                g_pfnVectors
                0x080001ac                        . = ALIGN (0x4)

.text           0x080001b0     0x54f4
                0x080001b0                        . = ALIGN (0x4)
 *(.text)
 .text          0x080001b0       0x40 /mnt/disk0/st/stm32cubeide_1.16.1/plugins/com.st.stm32cube.ide.mcu.externaltools.gnu-tools-for-stm32.12.3.rel1.linux64_1.0.200.202406132123/tools/bin/../lib/gcc/arm-none-eabi/12.3.1/thumb/v7e-m+fp/hard/crtbegin.o
 .text          0x080001f0      0x378 /mnt/disk0/st/stm32cubeide_1.16.1/plugins/com.st.stm32cube.ide.mcu.externaltools.gnu-tools-for-stm32.12.3.rel1.linux64_1.0.200.202406132123/tools/bin/../lib/gcc/arm-none-eabi/12.3.1/thumb/v7e-m+fp/hard/libgcc.a(_arm_addsubdf3.o)
                0x080001f0                __aeabi_drsub
                0x080001f8                __aeabi_dsub
                0x080001f8                __subdf3
                0x080001fc                __adddf3
                0x080001fc                __aeabi_dadd
                0x08000474                __aeabi_ui2d
                0x08000474                __floatunsidf
                0x08000494                __floatsidf
                0x08000494                __aeabi_i2d
                0x080004b8                __extendsfdf2
                0x080004b8                __aeabi_f2d
                0x080004fc                __aeabi_ul2d
                0x080004fc                __floatundidf
                0x0800050c                __floatdidf
                0x0800050c                __aeabi_l2d
 .text          0x08000568      0x424 /mnt/disk0/st/stm32cubeide_1.16.1/plugins/com.st.stm32cube.ide.mcu.externaltools.gnu-tools-for-stm32.12.3.rel1.linux64_1.0.200.202406132123/tools/bin/../lib/gcc/arm-none-eabi/12.3.1/thumb/v7e-m+fp/hard/libgcc.a(_arm_muldivdf3.o)
                0x08000568                __aeabi_dmul
                0x08000568                __muldf3
                0x080007bc                __aeabi_ddiv
                0x080007bc                __divdf3
 .text          0x0800098c      0x110 /mnt/disk0/st/stm32cubeide_1.16.1/plugins/com.st.stm32cube.ide.mcu.externaltools.gnu-tools-for-stm32.12.3.rel1.linux64_1.0.200.202406132123/tools/bin/../lib/gcc/arm-none-eabi/12.3.1/thumb/v7e-m+fp/hard/libgcc.a(_arm_cmpdf2.o)
                0x0800098c                __gtdf2
                0x0800098c                __gedf2
                0x08000994                __ltdf2
                0x08000994                __ledf2
                0x0800099c                __cmpdf2
                0x0800099c                __eqdf2
                0x0800099c                __nedf2
                0x08000a18                __aeabi_cdrcmple
                0x08000a28                __aeabi_cdcmple
                0x08000a28                __aeabi_cdcmpeq
                0x08000a38                __aeabi_dcmpeq
                0x08000a4c                __aeabi_dcmplt
                0x08000a60                __aeabi_dcmple
                0x08000a74                __aeabi_dcmpge
                0x08000a88                __aeabi_dcmpgt
 .text          0x08000a9c       0x50 /mnt/disk0/st/stm32cubeide_1.16.1/plugins/com.st.stm32cube.ide.mcu.externaltools.gnu-tools-for-stm32.12.3.rel1.linux64_1.0.200.202406132123/tools/bin/../lib/gcc/arm-none-eabi/12.3.1/thumb/v7e-m+fp/hard/libgcc.a(_arm_fixdfsi.o)
                0x08000a9c                __fixdfsi
                0x08000a9c                __aeabi_d2iz
 .text          0x08000aec       0x40 /mnt/disk0/st/stm32cubeide_1.16.1/plugins/com.st.stm32cube.ide.mcu.externaltools.gnu-tools-for-stm32.12.3.rel1.linux64_1.0.200.202406132123/tools/bin/../lib/gcc/arm-none-eabi/12.3.1/thumb/v7e-m+fp/hard/libgcc.a(_arm_fixunsdfsi.o)
                0x08000aec                __fixunsdfsi
                0x08000aec                __aeabi_d2uiz
 .text          0x08000b2c       0x30 /mnt/disk0/st/stm32cubeide_1.16.1/plugins/com.st.stm32cube.ide.mcu.externaltools.gnu-tools-for-stm32.12.3.rel1.linux64_1.0.200.202406132123/tools/bin/../lib/gcc/arm-none-eabi/12.3.1/thumb/v7e-m+fp/hard/libgcc.a(_aeabi_uldivmod.o)
                0x08000b2c                __aeabi_uldivmod
 .text          0x08000b5c      0x2bc /mnt/disk0/st/stm32cubeide_1.16.1/plugins/com.st.stm32cube.ide.mcu.externaltools.gnu-tools-for-stm32.12.3.rel1.linux64_1.0.200.202406132123/tools/bin/../lib/gcc/arm-none-eabi/12.3.1/thumb/v7e-m+fp/hard/libgcc.a(_udivmoddi4.o)
                0x08000b5c                __udivmoddi4
 .text          0x08000e18        0x4 /mnt/disk0/st/stm32cubeide_1.16.1/plugins/com.st.stm32cube.ide.mcu.externaltools.gnu-tools-for-stm32.12.3.rel1.linux64_1.0.200.202406132123/tools/bin/../lib/gcc/arm-none-eabi/12.3.1/thumb/v7e-m+fp/hard/libgcc.a(_dvmd_tls.o)
                0x08000e18                __aeabi_ldiv0
                0x08000e18                __aeabi_idiv0
 *(.text*)
 .text.calc_func
                0x08000e1c      0x11e ./Core/Src/core_list_join.o
                0x08000e1c                calc_func
 .text.cmp_complex
                0x08000f3a       0x3a ./Core/Src/core_list_join.o
                0x08000f3a                cmp_complex
 .text.cmp_idx  0x08000f74       0x72 ./Core/Src/core_list_join.o
                0x08000f74                cmp_idx
 .text.copy_info
                0x08000fe6       0x2a ./Core/Src/core_list_join.o
                0x08000fe6                copy_info
 .text.core_bench_list
                0x08001010      0x1c0 ./Core/Src/core_list_join.o
                0x08001010                core_bench_list
 .text.core_list_init
                0x080011d0      0x178 ./Core/Src/core_list_join.o
                0x080011d0                core_list_init
 .text.core_list_insert_new
                0x08001348       0x76 ./Core/Src/core_list_join.o
                0x08001348                core_list_insert_new
 .text.core_list_remove
                0x080013be       0x40 ./Core/Src/core_list_join.o
                0x080013be                core_list_remove
 .text.core_list_undo_remove
                0x080013fe       0x3a ./Core/Src/core_list_join.o
                0x080013fe                core_list_undo_remove
 .text.core_list_find
                0x08001438       0x68 ./Core/Src/core_list_join.o
                0x08001438                core_list_find
 .text.core_list_reverse
                0x080014a0       0x36 ./Core/Src/core_list_join.o
                0x080014a0                core_list_reverse
 .text.core_list_mergesort
                0x080014d6      0x11e ./Core/Src/core_list_join.o
                0x080014d6                core_list_mergesort
 .text.iterate  0x080015f4       0x9c ./Core/Src/core_main.o
                0x080015f4                iterate
 .text.main2    0x08001690      0xa18 ./Core/Src/core_main.o
                0x08001690                main2
 .text.core_bench_matrix
                0x080020a8       0x5a ./Core/Src/core_matrix.o
                0x080020a8                core_bench_matrix
 .text.matrix_test
                0x08002102       0xfc ./Core/Src/core_matrix.o
                0x08002102                matrix_test
 .text.core_init_matrix
                0x080021fe      0x12a ./Core/Src/core_matrix.o
                0x080021fe                core_init_matrix
 .text.matrix_sum
                0x08002328       0xa8 ./Core/Src/core_matrix.o
                0x08002328                matrix_sum
 .text.matrix_mul_const
                0x080023d0       0x78 ./Core/Src/core_matrix.o
                0x080023d0                matrix_mul_const
 .text.matrix_add_const
                0x08002448       0x78 ./Core/Src/core_matrix.o
                0x08002448                matrix_add_const
 .text.matrix_mul_vect
                0x080024c0       0x8e ./Core/Src/core_matrix.o
                0x080024c0                matrix_mul_vect
 .text.matrix_mul_matrix
                0x0800254e       0xca ./Core/Src/core_matrix.o
                0x0800254e                matrix_mul_matrix
 .text.matrix_mul_matrix_bitextract
                0x08002618       0xe4 ./Core/Src/core_matrix.o
                0x08002618                matrix_mul_matrix_bitextract
 .text.barebones_clock
                0x080026fc       0xd4 ./Core/Src/core_portme.o
                0x080026fc                barebones_clock
 .text.start_time
                0x080027d0       0x18 ./Core/Src/core_portme.o
                0x080027d0                start_time
 .text.stop_time
                0x080027e8       0x18 ./Core/Src/core_portme.o
                0x080027e8                stop_time
 .text.get_time
                0x08002800       0x28 ./Core/Src/core_portme.o
                0x08002800                get_time
 .text.time_in_secs
                0x08002828       0x58 ./Core/Src/core_portme.o
                0x08002828                time_in_secs
 .text.portable_init
                0x08002880       0x58 ./Core/Src/core_portme.o
                0x08002880                portable_init
 .text.portable_fini
                0x080028d8       0x20 ./Core/Src/core_portme.o
                0x080028d8                portable_fini
 .text.core_bench_state
                0x080028f8      0x18c ./Core/Src/core_state.o
                0x080028f8                core_bench_state
 .text.core_init_state
                0x08002a84      0x168 ./Core/Src/core_state.o
                0x08002a84                core_init_state
 .text.ee_isdigit
                0x08002bec       0x36 ./Core/Src/core_state.o
 *fill*         0x08002c22        0x2 
 .text.core_state_transition
                0x08002c24      0x204 ./Core/Src/core_state.o
                0x08002c24                core_state_transition
 .text.get_seed_32
                0x08002e28       0x7c ./Core/Src/core_util.o
                0x08002e28                get_seed_32
 .text.crcu8    0x08002ea4       0x94 ./Core/Src/core_util.o
                0x08002ea4                crcu8
 .text.crcu16   0x08002f38       0x42 ./Core/Src/core_util.o
                0x08002f38                crcu16
 .text.crcu32   0x08002f7a       0x3c ./Core/Src/core_util.o
                0x08002f7a                crcu32
 .text.crc16    0x08002fb6       0x26 ./Core/Src/core_util.o
                0x08002fb6                crc16
 .text.check_data_types
                0x08002fdc       0x24 ./Core/Src/core_util.o
                0x08002fdc                check_data_types
 .text.cvt      0x08003000      0x2b0 ./Core/Src/cvt.o
 .text.ecvtbuf  0x080032b0       0x30 ./Core/Src/cvt.o
                0x080032b0                ecvtbuf
 .text.fcvtbuf  0x080032e0       0x30 ./Core/Src/cvt.o
                0x080032e0                fcvtbuf
 .text.strnlen  0x08003310       0x3a ./Core/Src/ee_printf.o
 .text.skip_atoi
                0x0800334a       0x4e ./Core/Src/ee_printf.o
 .text.number   0x08003398      0x22c ./Core/Src/ee_printf.o
 .text.eaddr    0x080035c4      0x108 ./Core/Src/ee_printf.o
 .text.iaddr    0x080036cc      0x1bc ./Core/Src/ee_printf.o
 .text.ee_bufcpy
                0x08003888       0x3c ./Core/Src/ee_printf.o
 .text.parse_float
                0x080038c4      0x318 ./Core/Src/ee_printf.o
 .text.decimal_point
                0x08003bdc       0x88 ./Core/Src/ee_printf.o
 .text.cropzeros
                0x08003c64       0x94 ./Core/Src/ee_printf.o
 .text.flt      0x08003cf8      0x1c2 ./Core/Src/ee_printf.o
 *fill*         0x08003eba        0x2 
 .text.ee_vsprintf
                0x08003ebc      0x4b4 ./Core/Src/ee_printf.o
 .text.uart_send_char
                0x08004370       0x24 ./Core/Src/ee_printf.o
                0x08004370                uart_send_char
 .text.ee_printf
                0x08004394       0x7a ./Core/Src/ee_printf.o
                0x08004394                ee_printf
 *fill*         0x0800440e        0x2 
 .text.MX_GPIO_Init
                0x08004410       0x50 ./Core/Src/gpio.o
                0x08004410                MX_GPIO_Init
 .text.main     0x08004460       0x4c ./Core/Src/main.o
                0x08004460                main
 .text.Error_Handler
                0x080044ac        0xc ./Core/Src/main.o
                0x080044ac                Error_Handler
 .text.HAL_MspInit
                0x080044b8       0x50 ./Core/Src/stm32f4xx_hal_msp.o
                0x080044b8                HAL_MspInit
 .text.NMI_Handler
                0x08004508        0x8 ./Core/Src/stm32f4xx_it.o
                0x08004508                NMI_Handler
 .text.HardFault_Handler
                0x08004510        0x8 ./Core/Src/stm32f4xx_it.o
                0x08004510                HardFault_Handler
 .text.MemManage_Handler
                0x08004518        0x8 ./Core/Src/stm32f4xx_it.o
                0x08004518                MemManage_Handler
 .text.BusFault_Handler
                0x08004520        0x8 ./Core/Src/stm32f4xx_it.o
                0x08004520                BusFault_Handler
 .text.UsageFault_Handler
                0x08004528        0x8 ./Core/Src/stm32f4xx_it.o
                0x08004528                UsageFault_Handler
 .text.SVC_Handler
                0x08004530        0xe ./Core/Src/stm32f4xx_it.o
                0x08004530                SVC_Handler
 .text.DebugMon_Handler
                0x0800453e        0xe ./Core/Src/stm32f4xx_it.o
                0x0800453e                DebugMon_Handler
 .text.PendSV_Handler
                0x0800454c        0xe ./Core/Src/stm32f4xx_it.o
                0x0800454c                PendSV_Handler
 .text.SysTick_Handler
                0x0800455a        0xc ./Core/Src/stm32f4xx_it.o
                0x0800455a                SysTick_Handler
 *fill*         0x08004566        0x2 
 .text.SystemInit
                0x08004568       0x24 ./Core/Src/system_stm32f4xx.o
                0x08004568                SystemInit
 .text.MX_USART1_UART_Init
                0x0800458c       0x54 ./Core/Src/usart.o
                0x0800458c                MX_USART1_UART_Init
 .text.HAL_UART_MspInit
                0x080045e0       0x90 ./Core/Src/usart.o
                0x080045e0                HAL_UART_MspInit
 .text.Reset_Handler
                0x08004670       0x50 ./Core/Startup/startup_stm32f427vitx.o
                0x08004670                Reset_Handler
 .text.Default_Handler
                0x080046c0        0x2 ./Core/Startup/startup_stm32f427vitx.o
                0x080046c0                RTC_Alarm_IRQHandler
                0x080046c0                HASH_RNG_IRQHandler
                0x080046c0                EXTI2_IRQHandler
                0x080046c0                TIM8_CC_IRQHandler
                0x080046c0                UART8_IRQHandler
                0x080046c0                SPI4_IRQHandler
                0x080046c0                TIM1_CC_IRQHandler
                0x080046c0                DMA2_Stream5_IRQHandler
                0x080046c0                DMA1_Stream5_IRQHandler
                0x080046c0                PVD_IRQHandler
                0x080046c0                SDIO_IRQHandler
                0x080046c0                TAMP_STAMP_IRQHandler
                0x080046c0                CAN2_RX1_IRQHandler
                0x080046c0                EXTI3_IRQHandler
                0x080046c0                TIM8_TRG_COM_TIM14_IRQHandler
                0x080046c0                TIM1_UP_TIM10_IRQHandler
                0x080046c0                TIM8_UP_TIM13_IRQHandler
                0x080046c0                I2C3_ER_IRQHandler
                0x080046c0                EXTI0_IRQHandler
                0x080046c0                I2C2_EV_IRQHandler
                0x080046c0                DMA1_Stream2_IRQHandler
                0x080046c0                CAN1_RX0_IRQHandler
                0x080046c0                FPU_IRQHandler
                0x080046c0                OTG_HS_WKUP_IRQHandler
                0x080046c0                CAN2_SCE_IRQHandler
                0x080046c0                DMA2_Stream2_IRQHandler
                0x080046c0                SPI1_IRQHandler
                0x080046c0                TIM6_DAC_IRQHandler
                0x080046c0                TIM1_BRK_TIM9_IRQHandler
                0x080046c0                DCMI_IRQHandler
                0x080046c0                CAN2_RX0_IRQHandler
                0x080046c0                DMA2_Stream3_IRQHandler
                0x080046c0                USART6_IRQHandler
                0x080046c0                USART3_IRQHandler
                0x080046c0                CAN1_RX1_IRQHandler
                0x080046c0                UART5_IRQHandler
                0x080046c0                DMA2_Stream0_IRQHandler
                0x080046c0                TIM4_IRQHandler
                0x080046c0                I2C1_EV_IRQHandler
                0x080046c0                DMA1_Stream6_IRQHandler
                0x080046c0                DMA1_Stream1_IRQHandler
                0x080046c0                UART4_IRQHandler
                0x080046c0                TIM3_IRQHandler
                0x080046c0                RCC_IRQHandler
                0x080046c0                TIM8_BRK_TIM12_IRQHandler
                0x080046c0                Default_Handler
                0x080046c0                EXTI15_10_IRQHandler
                0x080046c0                ADC_IRQHandler
                0x080046c0                DMA1_Stream7_IRQHandler
                0x080046c0                SPI5_IRQHandler
                0x080046c0                TIM7_IRQHandler
                0x080046c0                CAN2_TX_IRQHandler
                0x080046c0                TIM5_IRQHandler
                0x080046c0                DMA2_Stream7_IRQHandler
                0x080046c0                I2C3_EV_IRQHandler
                0x080046c0                EXTI9_5_IRQHandler
                0x080046c0                RTC_WKUP_IRQHandler
                0x080046c0                ETH_WKUP_IRQHandler
                0x080046c0                SPI2_IRQHandler
                0x080046c0                OTG_HS_EP1_IN_IRQHandler
                0x080046c0                DMA1_Stream0_IRQHandler
                0x080046c0                CAN1_TX_IRQHandler
                0x080046c0                EXTI4_IRQHandler
                0x080046c0                ETH_IRQHandler
                0x080046c0                OTG_HS_EP1_OUT_IRQHandler
                0x080046c0                WWDG_IRQHandler
                0x080046c0                SPI6_IRQHandler
                0x080046c0                TIM2_IRQHandler
                0x080046c0                OTG_FS_WKUP_IRQHandler
                0x080046c0                TIM1_TRG_COM_TIM11_IRQHandler
                0x080046c0                OTG_HS_IRQHandler
                0x080046c0                DMA2D_IRQHandler
                0x080046c0                EXTI1_IRQHandler
                0x080046c0                UART7_IRQHandler
                0x080046c0                USART2_IRQHandler
                0x080046c0                I2C2_ER_IRQHandler
                0x080046c0                DMA2_Stream1_IRQHandler
                0x080046c0                CAN1_SCE_IRQHandler
                0x080046c0                FLASH_IRQHandler
                0x080046c0                DMA2_Stream4_IRQHandler
                0x080046c0                USART1_IRQHandler
                0x080046c0                OTG_FS_IRQHandler
                0x080046c0                SPI3_IRQHandler
                0x080046c0                DMA1_Stream4_IRQHandler
                0x080046c0                I2C1_ER_IRQHandler
                0x080046c0                FMC_IRQHandler
                0x080046c0                DMA2_Stream6_IRQHandler
                0x080046c0                SAI1_IRQHandler
                0x080046c0                DMA1_Stream3_IRQHandler
 *fill*         0x080046c2        0x2 
 .text.HAL_Init
                0x080046c4       0x44 ./Drivers/STM32F4xx_HAL_Driver/Src/stm32f4xx_hal.o
                0x080046c4                HAL_Init
 .text.HAL_InitTick
                0x08004708       0x60 ./Drivers/STM32F4xx_HAL_Driver/Src/stm32f4xx_hal.o
                0x08004708                HAL_InitTick
 .text.HAL_IncTick
                0x08004768       0x28 ./Drivers/STM32F4xx_HAL_Driver/Src/stm32f4xx_hal.o
                0x08004768                HAL_IncTick
 .text.HAL_GetTick
                0x08004790       0x18 ./Drivers/STM32F4xx_HAL_Driver/Src/stm32f4xx_hal.o
                0x08004790                HAL_GetTick
 .text.__NVIC_SetPriorityGrouping
                0x080047a8       0x48 ./Drivers/STM32F4xx_HAL_Driver/Src/stm32f4xx_hal_cortex.o
 .text.__NVIC_GetPriorityGrouping
                0x080047f0       0x1c ./Drivers/STM32F4xx_HAL_Driver/Src/stm32f4xx_hal_cortex.o
 .text.__NVIC_SetPriority
                0x0800480c       0x54 ./Drivers/STM32F4xx_HAL_Driver/Src/stm32f4xx_hal_cortex.o
 .text.NVIC_EncodePriority
                0x08004860       0x66 ./Drivers/STM32F4xx_HAL_Driver/Src/stm32f4xx_hal_cortex.o
 *fill*         0x080048c6        0x2 
 .text.SysTick_Config
                0x080048c8       0x44 ./Drivers/STM32F4xx_HAL_Driver/Src/stm32f4xx_hal_cortex.o
 .text.HAL_NVIC_SetPriorityGrouping
                0x0800490c       0x16 ./Drivers/STM32F4xx_HAL_Driver/Src/stm32f4xx_hal_cortex.o
                0x0800490c                HAL_NVIC_SetPriorityGrouping
 .text.HAL_NVIC_SetPriority
                0x08004922       0x38 ./Drivers/STM32F4xx_HAL_Driver/Src/stm32f4xx_hal_cortex.o
                0x08004922                HAL_NVIC_SetPriority
 .text.HAL_SYSTICK_Config
                0x0800495a       0x18 ./Drivers/STM32F4xx_HAL_Driver/Src/stm32f4xx_hal_cortex.o
                0x0800495a                HAL_SYSTICK_Config
 *fill*         0x08004972        0x2 
 .text.HAL_GPIO_Init
                0x08004974      0x358 ./Drivers/STM32F4xx_HAL_Driver/Src/stm32f4xx_hal_gpio.o
                0x08004974                HAL_GPIO_Init
 .text.HAL_RCC_GetHCLKFreq
                0x08004ccc       0x18 ./Drivers/STM32F4xx_HAL_Driver/Src/stm32f4xx_hal_rcc.o
                0x08004ccc                HAL_RCC_GetHCLKFreq
 .text.HAL_RCC_GetPCLK1Freq
                0x08004ce4       0x28 ./Drivers/STM32F4xx_HAL_Driver/Src/stm32f4xx_hal_rcc.o
                0x08004ce4                HAL_RCC_GetPCLK1Freq
 .text.HAL_RCC_GetPCLK2Freq
                0x08004d0c       0x28 ./Drivers/STM32F4xx_HAL_Driver/Src/stm32f4xx_hal_rcc.o
                0x08004d0c                HAL_RCC_GetPCLK2Freq
 .text.HAL_UART_Init
                0x08004d34       0xa0 ./Drivers/STM32F4xx_HAL_Driver/Src/stm32f4xx_hal_uart.o
                0x08004d34                HAL_UART_Init
 .text.HAL_UART_Transmit
                0x08004dd4      0x116 ./Drivers/STM32F4xx_HAL_Driver/Src/stm32f4xx_hal_uart.o
                0x08004dd4                HAL_UART_Transmit
 .text.UART_WaitOnFlagUntilTimeout
                0x08004eea       0xb2 ./Drivers/STM32F4xx_HAL_Driver/Src/stm32f4xx_hal_uart.o
 .text.UART_EndRxTransfer
                0x08004f9c       0xc6 ./Drivers/STM32F4xx_HAL_Driver/Src/stm32f4xx_hal_uart.o
 *fill*         0x08005062        0x2 
 .text.UART_SetConfig
                0x08005064      0x4e8 ./Drivers/STM32F4xx_HAL_Driver/Src/stm32f4xx_hal_uart.o
 .text.__libc_init_array
                0x0800554c       0x48 /mnt/disk0/st/stm32cubeide_1.16.1/plugins/com.st.stm32cube.ide.mcu.externaltools.gnu-tools-for-stm32.12.3.rel1.linux64_1.0.200.202406132123/tools/bin/../lib/gcc/arm-none-eabi/12.3.1/../../../../arm-none-eabi/lib/thumb/v7e-m+fp/hard/libc_nano.a(libc_a-init.o)
                0x0800554c                __libc_init_array
 .text.modf     0x08005594       0xa4 /mnt/disk0/st/stm32cubeide_1.16.1/plugins/com.st.stm32cube.ide.mcu.externaltools.gnu-tools-for-stm32.12.3.rel1.linux64_1.0.200.202406132123/tools/bin/../lib/gcc/arm-none-eabi/12.3.1/../../../../arm-none-eabi/lib/thumb/v7e-m+fp/hard/libc_nano.a(libm_a-s_modf.o)
                0x08005594                modf
 .text.__fpclassifyd
                0x08005638       0x54 /mnt/disk0/st/stm32cubeide_1.16.1/plugins/com.st.stm32cube.ide.mcu.externaltools.gnu-tools-for-stm32.12.3.rel1.linux64_1.0.200.202406132123/tools/bin/../lib/gcc/arm-none-eabi/12.3.1/../../../../arm-none-eabi/lib/thumb/v7e-m+fp/hard/libc_nano.a(libm_a-s_fpclassify.o)
                0x08005638                __fpclassifyd
 *(.glue_7)
 .glue_7        0x0800568c        0x0 linker stubs
 *(.glue_7t)
 .glue_7t       0x0800568c        0x0 linker stubs
 *(.eh_frame)
 .eh_frame      0x0800568c        0x0 /mnt/disk0/st/stm32cubeide_1.16.1/plugins/com.st.stm32cube.ide.mcu.externaltools.gnu-tools-for-stm32.12.3.rel1.linux64_1.0.200.202406132123/tools/bin/../lib/gcc/arm-none-eabi/12.3.1/thumb/v7e-m+fp/hard/crtbegin.o
 *(.init)
 .init          0x0800568c        0x4 /mnt/disk0/st/stm32cubeide_1.16.1/plugins/com.st.stm32cube.ide.mcu.externaltools.gnu-tools-for-stm32.12.3.rel1.linux64_1.0.200.202406132123/tools/bin/../lib/gcc/arm-none-eabi/12.3.1/thumb/v7e-m+fp/hard/crti.o
                0x0800568c                _init
 .init          0x08005690        0x8 /mnt/disk0/st/stm32cubeide_1.16.1/plugins/com.st.stm32cube.ide.mcu.externaltools.gnu-tools-for-stm32.12.3.rel1.linux64_1.0.200.202406132123/tools/bin/../lib/gcc/arm-none-eabi/12.3.1/thumb/v7e-m+fp/hard/crtn.o
 *(.fini)
 .fini          0x08005698        0x4 /mnt/disk0/st/stm32cubeide_1.16.1/plugins/com.st.stm32cube.ide.mcu.externaltools.gnu-tools-for-stm32.12.3.rel1.linux64_1.0.200.202406132123/tools/bin/../lib/gcc/arm-none-eabi/12.3.1/thumb/v7e-m+fp/hard/crti.o
                0x08005698                _fini
 .fini          0x0800569c        0x8 /mnt/disk0/st/stm32cubeide_1.16.1/plugins/com.st.stm32cube.ide.mcu.externaltools.gnu-tools-for-stm32.12.3.rel1.linux64_1.0.200.202406132123/tools/bin/../lib/gcc/arm-none-eabi/12.3.1/thumb/v7e-m+fp/hard/crtn.o
                0x080056a4                        . = ALIGN (0x4)
                0x080056a4                        _etext = .

.vfp11_veneer   0x080056a4        0x0
 .vfp11_veneer  0x080056a4        0x0 linker stubs

.v4_bx          0x080056a4        0x0
 .v4_bx         0x080056a4        0x0 linker stubs

.iplt           0x080056a4        0x0
 .iplt          0x080056a4        0x0 /mnt/disk0/st/stm32cubeide_1.16.1/plugins/com.st.stm32cube.ide.mcu.externaltools.gnu-tools-for-stm32.12.3.rel1.linux64_1.0.200.202406132123/tools/bin/../lib/gcc/arm-none-eabi/12.3.1/thumb/v7e-m+fp/hard/crtbegin.o

.rodata         0x080056a4      0x624
                0x080056a4                        . = ALIGN (0x4)
 *(.rodata)
 .rodata        0x080056a4      0x46c ./Core/Src/core_main.o
 .rodata        0x08005b10       0x5f ./Core/Src/core_portme.o
 *fill*         0x08005b6f        0x1 
 .rodata        0x08005b70       0xad ./Core/Src/core_state.o
 *fill*         0x08005c1d        0x3 
 .rodata        0x08005c20       0x36 ./Core/Src/core_util.o
 *fill*         0x08005c56        0x2 
 .rodata        0x08005c58       0x57 ./Core/Src/ee_printf.o
 *fill*         0x08005caf        0x1 
 .rodata        0x08005cb0        0xe ./Core/Src/main.o
 *(.rodata*)
 *fill*         0x08005cbe        0x2 
 .rodata.APBPrescTable
                0x08005cc0        0x8 ./Core/Src/system_stm32f4xx.o
                0x08005cc0                APBPrescTable
                0x08005cc8                        . = ALIGN (0x4)

.ARM.extab      0x08005cc8        0x0
                0x08005cc8                        . = ALIGN (0x4)
 *(.ARM.extab* .gnu.linkonce.armextab.*)
                0x08005cc8                        . = ALIGN (0x4)

.ARM            0x08005cc8        0x8
                0x08005cc8                        . = ALIGN (0x4)
                0x08005cc8                        __exidx_start = .
 *(.ARM.exidx*)
 .ARM.exidx     0x08005cc8        0x8 /mnt/disk0/st/stm32cubeide_1.16.1/plugins/com.st.stm32cube.ide.mcu.externaltools.gnu-tools-for-stm32.12.3.rel1.linux64_1.0.200.202406132123/tools/bin/../lib/gcc/arm-none-eabi/12.3.1/thumb/v7e-m+fp/hard/libgcc.a(_udivmoddi4.o)
                0x08005cd0                        __exidx_end = .
                0x08005cd0                        . = ALIGN (0x4)

.preinit_array  0x08005cd0        0x0
                0x08005cd0                        . = ALIGN (0x4)
                0x08005cd0                        PROVIDE (__preinit_array_start = .)
 *(.preinit_array*)
                0x08005cd0                        PROVIDE (__preinit_array_end = .)
                0x08005cd0                        . = ALIGN (0x4)

.init_array     0x08005cd0        0x4
                0x08005cd0                        . = ALIGN (0x4)
                0x08005cd0                        PROVIDE (__init_array_start = .)
 *(SORT_BY_NAME(.init_array.*))
 *(.init_array*)
 .init_array    0x08005cd0        0x4 /mnt/disk0/st/stm32cubeide_1.16.1/plugins/com.st.stm32cube.ide.mcu.externaltools.gnu-tools-for-stm32.12.3.rel1.linux64_1.0.200.202406132123/tools/bin/../lib/gcc/arm-none-eabi/12.3.1/thumb/v7e-m+fp/hard/crtbegin.o
                0x08005cd4                        PROVIDE (__init_array_end = .)
                0x08005cd4                        . = ALIGN (0x4)

.fini_array     0x08005cd4        0x4
                0x08005cd4                        . = ALIGN (0x4)
                [!provide]                        PROVIDE (__fini_array_start = .)
 *(SORT_BY_NAME(.fini_array.*))
 *(.fini_array*)
 .fini_array    0x08005cd4        0x4 /mnt/disk0/st/stm32cubeide_1.16.1/plugins/com.st.stm32cube.ide.mcu.externaltools.gnu-tools-for-stm32.12.3.rel1.linux64_1.0.200.202406132123/tools/bin/../lib/gcc/arm-none-eabi/12.3.1/thumb/v7e-m+fp/hard/crtbegin.o
                [!provide]                        PROVIDE (__fini_array_end = .)
                0x08005cd8                        . = ALIGN (0x4)
                0x08005cd8                        _sidata = LOADADDR (.data)

.rel.dyn        0x08005cd8        0x0
 .rel.iplt      0x08005cd8        0x0 /mnt/disk0/st/stm32cubeide_1.16.1/plugins/com.st.stm32cube.ide.mcu.externaltools.gnu-tools-for-stm32.12.3.rel1.linux64_1.0.200.202406132123/tools/bin/../lib/gcc/arm-none-eabi/12.3.1/thumb/v7e-m+fp/hard/crtbegin.o

.data           0x20000000       0x84 load address 0x08005cd8
                0x20000000                        . = ALIGN (0x4)
                0x20000000                        _sdata = .
 *(.data)
 *(.data*)
 .data.list_known_crc
                0x20000000        0xa ./Core/Src/core_main.o
 *fill*         0x2000000a        0x2 
 .data.matrix_known_crc
                0x2000000c        0xa ./Core/Src/core_main.o
 *fill*         0x20000016        0x2 
 .data.state_known_crc
                0x20000018        0xa ./Core/Src/core_main.o
 *fill*         0x20000022        0x2 
 .data.seed3_volatile
                0x20000024        0x4 ./Core/Src/core_portme.o
                0x20000024                seed3_volatile
 .data.seed4_volatile
                0x20000028        0x4 ./Core/Src/core_portme.o
                0x20000028                seed4_volatile
 .data.default_num_contexts
                0x2000002c        0x4 ./Core/Src/core_portme.o
                0x2000002c                default_num_contexts
 .data.intpat   0x20000030       0x10 ./Core/Src/core_state.o
 .data.floatpat
                0x20000040       0x10 ./Core/Src/core_state.o
 .data.scipat   0x20000050       0x10 ./Core/Src/core_state.o
 .data.errpat   0x20000060       0x10 ./Core/Src/core_state.o
 .data.digits   0x20000070        0x4 ./Core/Src/ee_printf.o
 .data.upper_digits
                0x20000074        0x4 ./Core/Src/ee_printf.o
 .data.SystemCoreClock
                0x20000078        0x4 ./Core/Src/system_stm32f4xx.o
                0x20000078                SystemCoreClock
 .data.uwTickPrio
                0x2000007c        0x4 ./Drivers/STM32F4xx_HAL_Driver/Src/stm32f4xx_hal.o
                0x2000007c                uwTickPrio
 .data.uwTickFreq
                0x20000080        0x1 ./Drivers/STM32F4xx_HAL_Driver/Src/stm32f4xx_hal.o
                0x20000080                uwTickFreq
 *(.RamFunc)
 *(.RamFunc*)
                0x20000084                        . = ALIGN (0x4)
 *fill*         0x20000081        0x3 
                0x20000084                        _edata = .
                0x08005d5c                        _siccmram = LOADADDR (.ccmram)

.igot.plt       0x20000084        0x0 load address 0x08005d5c
 .igot.plt      0x20000084        0x0 /mnt/disk0/st/stm32cubeide_1.16.1/plugins/com.st.stm32cube.ide.mcu.externaltools.gnu-tools-for-stm32.12.3.rel1.linux64_1.0.200.202406132123/tools/bin/../lib/gcc/arm-none-eabi/12.3.1/thumb/v7e-m+fp/hard/crtbegin.o

.ccmram         0x10000000        0x0 load address 0x08005d5c
                0x10000000                        . = ALIGN (0x4)
                0x10000000                        _sccmram = .
 *(.ccmram)
 *(.ccmram*)
                0x10000000                        . = ALIGN (0x4)
                0x10000000                        _eccmram = .
                0x10000000                        . = ALIGN (0x4)

.bss            0x20000084      0x850
                0x20000084                        _sbss = .
                0x20000084                        __bss_start__ = _sbss
 *(.bss)
 .bss           0x20000084       0x1c /mnt/disk0/st/stm32cubeide_1.16.1/plugins/com.st.stm32cube.ide.mcu.externaltools.gnu-tools-for-stm32.12.3.rel1.linux64_1.0.200.202406132123/tools/bin/../lib/gcc/arm-none-eabi/12.3.1/thumb/v7e-m+fp/hard/crtbegin.o
 *(.bss*)
 .bss.static_memblk
                0x200000a0      0x7d0 ./Core/Src/core_main.o
                0x200000a0                static_memblk
 .bss.start     0x20000870        0x1 ./Core/Src/core_portme.o
                0x20000870                start
 *fill*         0x20000871        0x3 
 .bss.seed1_volatile
                0x20000874        0x4 ./Core/Src/core_portme.o
                0x20000874                seed1_volatile
 .bss.seed2_volatile
                0x20000878        0x4 ./Core/Src/core_portme.o
                0x20000878                seed2_volatile
 .bss.seed5_volatile
                0x2000087c        0x4 ./Core/Src/core_portme.o
                0x2000087c                seed5_volatile
 .bss.start_time_val
                0x20000880        0x4 ./Core/Src/core_portme.o
 .bss.stop_time_val
                0x20000884        0x4 ./Core/Src/core_portme.o
 .bss.huart1    0x20000888       0x48 ./Core/Src/usart.o
                0x20000888                huart1
 .bss.uwTick    0x200008d0        0x4 ./Drivers/STM32F4xx_HAL_Driver/Src/stm32f4xx_hal.o
                0x200008d0                uwTick
 *(COMMON)
                0x200008d4                        . = ALIGN (0x4)
                0x200008d4                        _ebss = .
                0x200008d4                        __bss_end__ = _ebss

._user_heap_stack
                0x200008d4      0x604
                0x200008d8                        . = ALIGN (0x8)
 *fill*         0x200008d4        0x4 
                [!provide]                        PROVIDE (end = .)
                0x200008d8                        PROVIDE (_end = .)
                0x20000ad8                        . = (. + _Min_Heap_Size)
 *fill*         0x200008d8      0x200 
                0x20000ed8                        . = (. + _Min_Stack_Size)
 *fill*         0x20000ad8      0x400 
                0x20000ed8                        . = ALIGN (0x8)

/DISCARD/
 libc.a(*)
 libm.a(*)
 libgcc.a(*)

.ARM.attributes
                0x00000000       0x30
 *(.ARM.attributes)
 .ARM.attributes
                0x00000000       0x22 /mnt/disk0/st/stm32cubeide_1.16.1/plugins/com.st.stm32cube.ide.mcu.externaltools.gnu-tools-for-stm32.12.3.rel1.linux64_1.0.200.202406132123/tools/bin/../lib/gcc/arm-none-eabi/12.3.1/thumb/v7e-m+fp/hard/crti.o
 .ARM.attributes
                0x00000022       0x34 /mnt/disk0/st/stm32cubeide_1.16.1/plugins/com.st.stm32cube.ide.mcu.externaltools.gnu-tools-for-stm32.12.3.rel1.linux64_1.0.200.202406132123/tools/bin/../lib/gcc/arm-none-eabi/12.3.1/thumb/v7e-m+fp/hard/crtbegin.o
 .ARM.attributes
                0x00000056       0x34 ./Core/Src/core_list_join.o
 .ARM.attributes
                0x0000008a       0x34 ./Core/Src/core_main.o
 .ARM.attributes
                0x000000be       0x34 ./Core/Src/core_matrix.o
 .ARM.attributes
                0x000000f2       0x34 ./Core/Src/core_portme.o
 .ARM.attributes
                0x00000126       0x34 ./Core/Src/core_state.o
 .ARM.attributes
                0x0000015a       0x34 ./Core/Src/core_util.o
 .ARM.attributes
                0x0000018e       0x34 ./Core/Src/cvt.o
 .ARM.attributes
                0x000001c2       0x34 ./Core/Src/ee_printf.o
 .ARM.attributes
                0x000001f6       0x34 ./Core/Src/gpio.o
 .ARM.attributes
                0x0000022a       0x34 ./Core/Src/main.o
 .ARM.attributes
                0x0000025e       0x34 ./Core/Src/stm32f4xx_hal_msp.o
 .ARM.attributes
                0x00000292       0x34 ./Core/Src/stm32f4xx_it.o
 .ARM.attributes
                0x000002c6       0x34 ./Core/Src/system_stm32f4xx.o
 .ARM.attributes
                0x000002fa       0x34 ./Core/Src/usart.o
 .ARM.attributes
                0x0000032e       0x21 ./Core/Startup/startup_stm32f427vitx.o
 .ARM.attributes
                0x0000034f       0x34 ./Drivers/STM32F4xx_HAL_Driver/Src/stm32f4xx_hal.o
 .ARM.attributes
                0x00000383       0x34 ./Drivers/STM32F4xx_HAL_Driver/Src/stm32f4xx_hal_cortex.o
 .ARM.attributes
                0x000003b7       0x34 ./Drivers/STM32F4xx_HAL_Driver/Src/stm32f4xx_hal_gpio.o
 .ARM.attributes
                0x000003eb       0x34 ./Drivers/STM32F4xx_HAL_Driver/Src/stm32f4xx_hal_rcc.o
 .ARM.attributes
                0x0000041f       0x34 ./Drivers/STM32F4xx_HAL_Driver/Src/stm32f4xx_hal_uart.o
 .ARM.attributes
                0x00000453       0x34 /mnt/disk0/st/stm32cubeide_1.16.1/plugins/com.st.stm32cube.ide.mcu.externaltools.gnu-tools-for-stm32.12.3.rel1.linux64_1.0.200.202406132123/tools/bin/../lib/gcc/arm-none-eabi/12.3.1/../../../../arm-none-eabi/lib/thumb/v7e-m+fp/hard/libc_nano.a(libc_a-init.o)
 .ARM.attributes
                0x00000487       0x34 /mnt/disk0/st/stm32cubeide_1.16.1/plugins/com.st.stm32cube.ide.mcu.externaltools.gnu-tools-for-stm32.12.3.rel1.linux64_1.0.200.202406132123/tools/bin/../lib/gcc/arm-none-eabi/12.3.1/../../../../arm-none-eabi/lib/thumb/v7e-m+fp/hard/libc_nano.a(libm_a-s_modf.o)
 .ARM.attributes
                0x000004bb       0x34 /mnt/disk0/st/stm32cubeide_1.16.1/plugins/com.st.stm32cube.ide.mcu.externaltools.gnu-tools-for-stm32.12.3.rel1.linux64_1.0.200.202406132123/tools/bin/../lib/gcc/arm-none-eabi/12.3.1/../../../../arm-none-eabi/lib/thumb/v7e-m+fp/hard/libc_nano.a(libm_a-s_fpclassify.o)
 .ARM.attributes
                0x000004ef       0x22 /mnt/disk0/st/stm32cubeide_1.16.1/plugins/com.st.stm32cube.ide.mcu.externaltools.gnu-tools-for-stm32.12.3.rel1.linux64_1.0.200.202406132123/tools/bin/../lib/gcc/arm-none-eabi/12.3.1/thumb/v7e-m+fp/hard/libgcc.a(_arm_addsubdf3.o)
 .ARM.attributes
                0x00000511       0x22 /mnt/disk0/st/stm32cubeide_1.16.1/plugins/com.st.stm32cube.ide.mcu.externaltools.gnu-tools-for-stm32.12.3.rel1.linux64_1.0.200.202406132123/tools/bin/../lib/gcc/arm-none-eabi/12.3.1/thumb/v7e-m+fp/hard/libgcc.a(_arm_muldivdf3.o)
 .ARM.attributes
                0x00000533       0x22 /mnt/disk0/st/stm32cubeide_1.16.1/plugins/com.st.stm32cube.ide.mcu.externaltools.gnu-tools-for-stm32.12.3.rel1.linux64_1.0.200.202406132123/tools/bin/../lib/gcc/arm-none-eabi/12.3.1/thumb/v7e-m+fp/hard/libgcc.a(_arm_cmpdf2.o)
 .ARM.attributes
                0x00000555       0x22 /mnt/disk0/st/stm32cubeide_1.16.1/plugins/com.st.stm32cube.ide.mcu.externaltools.gnu-tools-for-stm32.12.3.rel1.linux64_1.0.200.202406132123/tools/bin/../lib/gcc/arm-none-eabi/12.3.1/thumb/v7e-m+fp/hard/libgcc.a(_arm_fixdfsi.o)
 .ARM.attributes
                0x00000577       0x22 /mnt/disk0/st/stm32cubeide_1.16.1/plugins/com.st.stm32cube.ide.mcu.externaltools.gnu-tools-for-stm32.12.3.rel1.linux64_1.0.200.202406132123/tools/bin/../lib/gcc/arm-none-eabi/12.3.1/thumb/v7e-m+fp/hard/libgcc.a(_arm_fixunsdfsi.o)
 .ARM.attributes
                0x00000599       0x22 /mnt/disk0/st/stm32cubeide_1.16.1/plugins/com.st.stm32cube.ide.mcu.externaltools.gnu-tools-for-stm32.12.3.rel1.linux64_1.0.200.202406132123/tools/bin/../lib/gcc/arm-none-eabi/12.3.1/thumb/v7e-m+fp/hard/libgcc.a(_aeabi_uldivmod.o)
 .ARM.attributes
                0x000005bb       0x34 /mnt/disk0/st/stm32cubeide_1.16.1/plugins/com.st.stm32cube.ide.mcu.externaltools.gnu-tools-for-stm32.12.3.rel1.linux64_1.0.200.202406132123/tools/bin/../lib/gcc/arm-none-eabi/12.3.1/thumb/v7e-m+fp/hard/libgcc.a(_udivmoddi4.o)
 .ARM.attributes
                0x000005ef       0x22 /mnt/disk0/st/stm32cubeide_1.16.1/plugins/com.st.stm32cube.ide.mcu.externaltools.gnu-tools-for-stm32.12.3.rel1.linux64_1.0.200.202406132123/tools/bin/../lib/gcc/arm-none-eabi/12.3.1/thumb/v7e-m+fp/hard/libgcc.a(_dvmd_tls.o)
 .ARM.attributes
                0x00000611       0x22 /mnt/disk0/st/stm32cubeide_1.16.1/plugins/com.st.stm32cube.ide.mcu.externaltools.gnu-tools-for-stm32.12.3.rel1.linux64_1.0.200.202406132123/tools/bin/../lib/gcc/arm-none-eabi/12.3.1/thumb/v7e-m+fp/hard/crtn.o
OUTPUT(coremark_427.elf elf32-littlearm)
LOAD linker stubs
LOAD /mnt/disk0/st/stm32cubeide_1.16.1/plugins/com.st.stm32cube.ide.mcu.externaltools.gnu-tools-for-stm32.12.3.rel1.linux64_1.0.200.202406132123/tools/bin/../lib/gcc/arm-none-eabi/12.3.1/../../../../arm-none-eabi/lib/thumb/v7e-m+fp/hard/libc.a
LOAD /mnt/disk0/st/stm32cubeide_1.16.1/plugins/com.st.stm32cube.ide.mcu.externaltools.gnu-tools-for-stm32.12.3.rel1.linux64_1.0.200.202406132123/tools/bin/../lib/gcc/arm-none-eabi/12.3.1/../../../../arm-none-eabi/lib/thumb/v7e-m+fp/hard/libm.a
LOAD /mnt/disk0/st/stm32cubeide_1.16.1/plugins/com.st.stm32cube.ide.mcu.externaltools.gnu-tools-for-stm32.12.3.rel1.linux64_1.0.200.202406132123/tools/bin/../lib/gcc/arm-none-eabi/12.3.1/thumb/v7e-m+fp/hard/libgcc.a

.debug_info     0x00000000     0xa34c
 .debug_info    0x00000000      0x8d7 ./Core/Src/core_list_join.o
 .debug_info    0x000008d7      0x61f ./Core/Src/core_main.o
 .debug_info    0x00000ef6      0x57a ./Core/Src/core_matrix.o
 .debug_info    0x00001470      0x40a ./Core/Src/core_portme.o
 .debug_info    0x0000187a      0x364 ./Core/Src/core_state.o
 .debug_info    0x00001bde      0x26e ./Core/Src/core_util.o
 .debug_info    0x00001e4c      0x2e6 ./Core/Src/cvt.o
 .debug_info    0x00002132      0xd00 ./Core/Src/ee_printf.o
 .debug_info    0x00002e32      0x281 ./Core/Src/gpio.o
 .debug_info    0x000030b3      0xa1e ./Core/Src/main.o
 .debug_info    0x00003ad1      0x281 ./Core/Src/stm32f4xx_hal_msp.o
 .debug_info    0x00003d52      0x112 ./Core/Src/stm32f4xx_it.o
 .debug_info    0x00003e64      0x52e ./Core/Src/system_stm32f4xx.o
 .debug_info    0x00004392      0x935 ./Core/Src/usart.o
 .debug_info    0x00004cc7       0x30 ./Core/Startup/startup_stm32f427vitx.o
 .debug_info    0x00004cf7      0x9ae ./Drivers/STM32F4xx_HAL_Driver/Src/stm32f4xx_hal.o
 .debug_info    0x000056a5      0xdb6 ./Drivers/STM32F4xx_HAL_Driver/Src/stm32f4xx_hal_cortex.o
 .debug_info    0x0000645b      0x6db ./Drivers/STM32F4xx_HAL_Driver/Src/stm32f4xx_hal_gpio.o
 .debug_info    0x00006b36      0x8c7 ./Drivers/STM32F4xx_HAL_Driver/Src/stm32f4xx_hal_rcc.o
 .debug_info    0x000073fd     0x2f4f ./Drivers/STM32F4xx_HAL_Driver/Src/stm32f4xx_hal_uart.o

.debug_abbrev   0x00000000     0x2215
 .debug_abbrev  0x00000000      0x1f8 ./Core/Src/core_list_join.o
 .debug_abbrev  0x000001f8      0x1c4 ./Core/Src/core_main.o
 .debug_abbrev  0x000003bc      0x193 ./Core/Src/core_matrix.o
 .debug_abbrev  0x0000054f      0x1db ./Core/Src/core_portme.o
 .debug_abbrev  0x0000072a      0x14b ./Core/Src/core_state.o
 .debug_abbrev  0x00000875      0x145 ./Core/Src/core_util.o
 .debug_abbrev  0x000009ba       0xe5 ./Core/Src/cvt.o
 .debug_abbrev  0x00000a9f      0x329 ./Core/Src/ee_printf.o
 .debug_abbrev  0x00000dc8       0xd8 ./Core/Src/gpio.o
 .debug_abbrev  0x00000ea0      0x229 ./Core/Src/main.o
 .debug_abbrev  0x000010c9       0xd8 ./Core/Src/stm32f4xx_hal_msp.o
 .debug_abbrev  0x000011a1       0x73 ./Core/Src/stm32f4xx_it.o
 .debug_abbrev  0x00001214      0x11a ./Core/Src/system_stm32f4xx.o
 .debug_abbrev  0x0000132e      0x1f9 ./Core/Src/usart.o
 .debug_abbrev  0x00001527       0x24 ./Core/Startup/startup_stm32f427vitx.o
 .debug_abbrev  0x0000154b      0x214 ./Drivers/STM32F4xx_HAL_Driver/Src/stm32f4xx_hal.o
 .debug_abbrev  0x0000175f      0x31d ./Drivers/STM32F4xx_HAL_Driver/Src/stm32f4xx_hal_cortex.o
 .debug_abbrev  0x00001a7c      0x1d4 ./Drivers/STM32F4xx_HAL_Driver/Src/stm32f4xx_hal_gpio.o
 .debug_abbrev  0x00001c50      0x2b7 ./Drivers/STM32F4xx_HAL_Driver/Src/stm32f4xx_hal_rcc.o
 .debug_abbrev  0x00001f07      0x30e ./Drivers/STM32F4xx_HAL_Driver/Src/stm32f4xx_hal_uart.o

.debug_aranges  0x00000000      0x8f8
 .debug_aranges
                0x00000000       0x78 ./Core/Src/core_list_join.o
 .debug_aranges
                0x00000078       0x28 ./Core/Src/core_main.o
 .debug_aranges
                0x000000a0       0x60 ./Core/Src/core_matrix.o
 .debug_aranges
                0x00000100       0x50 ./Core/Src/core_portme.o
 .debug_aranges
                0x00000150       0x38 ./Core/Src/core_state.o
 .debug_aranges
                0x00000188       0x48 ./Core/Src/core_util.o
 .debug_aranges
                0x000001d0       0x40 ./Core/Src/cvt.o
 .debug_aranges
                0x00000210       0x80 ./Core/Src/ee_printf.o
 .debug_aranges
                0x00000290       0x20 ./Core/Src/gpio.o
 .debug_aranges
                0x000002b0       0x30 ./Core/Src/main.o
 .debug_aranges
                0x000002e0       0x20 ./Core/Src/stm32f4xx_hal_msp.o
 .debug_aranges
                0x00000300       0x60 ./Core/Src/stm32f4xx_it.o
 .debug_aranges
                0x00000360       0x28 ./Core/Src/system_stm32f4xx.o
 .debug_aranges
                0x00000388       0x30 ./Core/Src/usart.o
 .debug_aranges
                0x000003b8       0x28 ./Core/Startup/startup_stm32f427vitx.o
 .debug_aranges
                0x000003e0      0x100 ./Drivers/STM32F4xx_HAL_Driver/Src/stm32f4xx_hal.o
 .debug_aranges
                0x000004e0      0x130 ./Drivers/STM32F4xx_HAL_Driver/Src/stm32f4xx_hal_cortex.o
 .debug_aranges
                0x00000610       0x58 ./Drivers/STM32F4xx_HAL_Driver/Src/stm32f4xx_hal_gpio.o
 .debug_aranges
                0x00000668       0x88 ./Drivers/STM32F4xx_HAL_Driver/Src/stm32f4xx_hal_rcc.o
 .debug_aranges
                0x000006f0      0x208 ./Drivers/STM32F4xx_HAL_Driver/Src/stm32f4xx_hal_uart.o

.debug_rnglists
                0x00000000      0x6b6
 .debug_rnglists
                0x00000000       0x59 ./Core/Src/core_list_join.o
 .debug_rnglists
                0x00000059       0x1b ./Core/Src/core_main.o
 .debug_rnglists
                0x00000074       0x49 ./Core/Src/core_matrix.o
 .debug_rnglists
                0x000000bd       0x38 ./Core/Src/core_portme.o
 .debug_rnglists
                0x000000f5       0x28 ./Core/Src/core_state.o
 .debug_rnglists
                0x0000011d       0x32 ./Core/Src/core_util.o
 .debug_rnglists
                0x0000014f       0x2c ./Core/Src/cvt.o
 .debug_rnglists
                0x0000017b       0x63 ./Core/Src/ee_printf.o
 .debug_rnglists
                0x000001de       0x13 ./Core/Src/gpio.o
 .debug_rnglists
                0x000001f1       0x20 ./Core/Src/main.o
 .debug_rnglists
                0x00000211       0x13 ./Core/Src/stm32f4xx_hal_msp.o
 .debug_rnglists
                0x00000224       0x43 ./Core/Src/stm32f4xx_it.o
 .debug_rnglists
                0x00000267       0x1a ./Core/Src/system_stm32f4xx.o
 .debug_rnglists
                0x00000281       0x20 ./Core/Src/usart.o
 .debug_rnglists
                0x000002a1       0x19 ./Core/Startup/startup_stm32f427vitx.o
 .debug_rnglists
                0x000002ba       0xbb ./Drivers/STM32F4xx_HAL_Driver/Src/stm32f4xx_hal.o
 .debug_rnglists
                0x00000375       0xe0 ./Drivers/STM32F4xx_HAL_Driver/Src/stm32f4xx_hal_cortex.o
 .debug_rnglists
                0x00000455       0x3f ./Drivers/STM32F4xx_HAL_Driver/Src/stm32f4xx_hal_gpio.o
 .debug_rnglists
                0x00000494       0x66 ./Drivers/STM32F4xx_HAL_Driver/Src/stm32f4xx_hal_rcc.o
 .debug_rnglists
                0x000004fa      0x1bc ./Drivers/STM32F4xx_HAL_Driver/Src/stm32f4xx_hal_uart.o

.debug_macro    0x00000000    0x23049
 .debug_macro   0x00000000      0x1db ./Core/Src/core_list_join.o
 .debug_macro   0x000001db      0xab4 ./Core/Src/core_list_join.o
 .debug_macro   0x00000c8f       0x2e ./Core/Src/core_list_join.o
 .debug_macro   0x00000cbd       0x8f ./Core/Src/core_list_join.o
 .debug_macro   0x00000d4c      0x295 ./Core/Src/core_list_join.o
 .debug_macro   0x00000fe1       0x2e ./Core/Src/core_list_join.o
 .debug_macro   0x0000100f       0x28 ./Core/Src/core_list_join.o
 .debug_macro   0x00001037       0x22 ./Core/Src/core_list_join.o
 .debug_macro   0x00001059       0x8e ./Core/Src/core_list_join.o
 .debug_macro   0x000010e7       0x51 ./Core/Src/core_list_join.o
 .debug_macro   0x00001138      0x103 ./Core/Src/core_list_join.o
 .debug_macro   0x0000123b       0x6a ./Core/Src/core_list_join.o
 .debug_macro   0x000012a5      0x1df ./Core/Src/core_list_join.o
 .debug_macro   0x00001484       0x1c ./Core/Src/core_list_join.o
 .debug_macro   0x000014a0       0x22 ./Core/Src/core_list_join.o
 .debug_macro   0x000014c2       0xfb ./Core/Src/core_list_join.o
 .debug_macro   0x000015bd     0x1011 ./Core/Src/core_list_join.o
 .debug_macro   0x000025ce      0x11f ./Core/Src/core_list_join.o
 .debug_macro   0x000026ed    0x178b5 ./Core/Src/core_list_join.o
 .debug_macro   0x00019fa2       0x6d ./Core/Src/core_list_join.o
 .debug_macro   0x0001a00f     0x3711 ./Core/Src/core_list_join.o
 .debug_macro   0x0001d720      0x189 ./Core/Src/core_list_join.o
 .debug_macro   0x0001d8a9       0x5c ./Core/Src/core_list_join.o
 .debug_macro   0x0001d905      0xc82 ./Core/Src/core_list_join.o
 .debug_macro   0x0001e587      0x9e9 ./Core/Src/core_list_join.o
 .debug_macro   0x0001ef70      0x115 ./Core/Src/core_list_join.o
 .debug_macro   0x0001f085      0x16f ./Core/Src/core_list_join.o
 .debug_macro   0x0001f1f4       0xa5 ./Core/Src/core_list_join.o
 .debug_macro   0x0001f299      0x182 ./Core/Src/core_list_join.o
 .debug_macro   0x0001f41b      0x287 ./Core/Src/core_list_join.o
 .debug_macro   0x0001f6a2       0x5f ./Core/Src/core_list_join.o
 .debug_macro   0x0001f701      0x236 ./Core/Src/core_list_join.o
 .debug_macro   0x0001f937      0x132 ./Core/Src/core_list_join.o
 .debug_macro   0x0001fa69      0x41d ./Core/Src/core_list_join.o
 .debug_macro   0x0001fe86       0x2e ./Core/Src/core_list_join.o
 .debug_macro   0x0001feb4      0x127 ./Core/Src/core_list_join.o
 .debug_macro   0x0001ffdb       0xe2 ./Core/Src/core_list_join.o
 .debug_macro   0x000200bd       0x89 ./Core/Src/core_list_join.o
 .debug_macro   0x00020146      0x2aa ./Core/Src/core_list_join.o
 .debug_macro   0x000203f0      0x134 ./Core/Src/core_list_join.o
 .debug_macro   0x00020524       0x34 ./Core/Src/core_list_join.o
 .debug_macro   0x00020558      0x1e1 ./Core/Src/core_main.o
 .debug_macro   0x00020739      0x1f3 ./Core/Src/core_matrix.o
 .debug_macro   0x0002092c      0x221 ./Core/Src/core_portme.o
 .debug_macro   0x00020b4d      0x1db ./Core/Src/core_state.o
 .debug_macro   0x00020d28      0x1db ./Core/Src/core_util.o
 .debug_macro   0x00020f03       0xe8 ./Core/Src/cvt.o
 .debug_macro   0x00020feb       0x5b ./Core/Src/cvt.o
 .debug_macro   0x00021046       0x2a ./Core/Src/cvt.o
 .debug_macro   0x00021070       0x94 ./Core/Src/cvt.o
 .debug_macro   0x00021104       0x43 ./Core/Src/cvt.o
 .debug_macro   0x00021147       0x34 ./Core/Src/cvt.o
 .debug_macro   0x0002117b       0x16 ./Core/Src/cvt.o
 .debug_macro   0x00021191       0x43 ./Core/Src/cvt.o
 .debug_macro   0x000211d4       0x57 ./Core/Src/cvt.o
 .debug_macro   0x0002122b       0x34 ./Core/Src/cvt.o
 .debug_macro   0x0002125f       0x10 ./Core/Src/cvt.o
 .debug_macro   0x0002126f       0x58 ./Core/Src/cvt.o
 .debug_macro   0x000212c7       0x8e ./Core/Src/cvt.o
 .debug_macro   0x00021355       0x1c ./Core/Src/cvt.o
 .debug_macro   0x00021371      0x177 ./Core/Src/cvt.o
 .debug_macro   0x000214e8      0x369 ./Core/Src/cvt.o
 .debug_macro   0x00021851      0x19b ./Core/Src/cvt.o
 .debug_macro   0x000219ec      0x214 ./Core/Src/ee_printf.o
 .debug_macro   0x00021c00       0x58 ./Core/Src/ee_printf.o
 .debug_macro   0x00021c58      0x1ce ./Core/Src/gpio.o
 .debug_macro   0x00021e26      0x1dc ./Core/Src/main.o
 .debug_macro   0x00022002      0x1c4 ./Core/Src/stm32f4xx_hal_msp.o
 .debug_macro   0x000221c6      0x1ce ./Core/Src/stm32f4xx_it.o
 .debug_macro   0x00022394      0x1ba ./Core/Src/system_stm32f4xx.o
 .debug_macro   0x0002254e      0x1ce ./Core/Src/usart.o
 .debug_macro   0x0002271c      0x21a ./Drivers/STM32F4xx_HAL_Driver/Src/stm32f4xx_hal.o
 .debug_macro   0x00022936      0x1ba ./Drivers/STM32F4xx_HAL_Driver/Src/stm32f4xx_hal_cortex.o
 .debug_macro   0x00022af0      0x1c0 ./Drivers/STM32F4xx_HAL_Driver/Src/stm32f4xx_hal_gpio.o
 .debug_macro   0x00022cb0      0x1de ./Drivers/STM32F4xx_HAL_Driver/Src/stm32f4xx_hal_rcc.o
 .debug_macro   0x00022e8e      0x1bb ./Drivers/STM32F4xx_HAL_Driver/Src/stm32f4xx_hal_uart.o

.debug_line     0x00000000     0xd1a9
 .debug_line    0x00000000      0xb64 ./Core/Src/core_list_join.o
 .debug_line    0x00000b64      0xacb ./Core/Src/core_main.o
 .debug_line    0x0000162f      0xb12 ./Core/Src/core_matrix.o
 .debug_line    0x00002141      0x783 ./Core/Src/core_portme.o
 .debug_line    0x000028c4      0x967 ./Core/Src/core_state.o
 .debug_line    0x0000322b      0x78b ./Core/Src/core_util.o
 .debug_line    0x000039b6      0x5d4 ./Core/Src/cvt.o
 .debug_line    0x00003f8a     0x1240 ./Core/Src/ee_printf.o
 .debug_line    0x000051ca      0x677 ./Core/Src/gpio.o
 .debug_line    0x00005841      0x714 ./Core/Src/main.o
 .debug_line    0x00005f55      0x67b ./Core/Src/stm32f4xx_hal_msp.o
 .debug_line    0x000065d0      0x73d ./Core/Src/stm32f4xx_it.o
 .debug_line    0x00006d0d      0x6ff ./Core/Src/system_stm32f4xx.o
 .debug_line    0x0000740c      0x6e4 ./Core/Src/usart.o
 .debug_line    0x00007af0       0x7a ./Core/Startup/startup_stm32f427vitx.o
 .debug_line    0x00007b6a      0x99e ./Drivers/STM32F4xx_HAL_Driver/Src/stm32f4xx_hal.o
 .debug_line    0x00008508      0xc5a ./Drivers/STM32F4xx_HAL_Driver/Src/stm32f4xx_hal_cortex.o
 .debug_line    0x00009162      0xb1c ./Drivers/STM32F4xx_HAL_Driver/Src/stm32f4xx_hal_gpio.o
 .debug_line    0x00009c7e      0xcf1 ./Drivers/STM32F4xx_HAL_Driver/Src/stm32f4xx_hal_rcc.o
 .debug_line    0x0000a96f     0x283a ./Drivers/STM32F4xx_HAL_Driver/Src/stm32f4xx_hal_uart.o

.debug_str      0x00000000    0xcfe5c
 .debug_str     0x00000000    0xc9938 ./Core/Src/core_list_join.o
                              0xc9bcc (size before relaxing)
 .debug_str     0x000c9938      0x1a4 ./Core/Src/core_main.o
                              0xc9b88 (size before relaxing)
 .debug_str     0x000c9adc      0x15d ./Core/Src/core_matrix.o
                              0xc9a7a (size before relaxing)
 .debug_str     0x000c9c39      0x242 ./Core/Src/core_portme.o
                              0xc9be3 (size before relaxing)
 .debug_str     0x000c9e7b      0x123 ./Core/Src/core_state.o
                              0xc9a36 (size before relaxing)
 .debug_str     0x000c9f9e       0x2b ./Core/Src/core_util.o
                              0xc997d (size before relaxing)
 .debug_str     0x000c9fc9     0x3936 ./Core/Src/cvt.o
                               0x6e81 (size before relaxing)
 .debug_str     0x000cd8ff      0x6d9 ./Core/Src/ee_printf.o
                              0xca095 (size before relaxing)
 .debug_str     0x000cdfd8      0x13d ./Core/Src/gpio.o
                              0xc973b (size before relaxing)
 .debug_str     0x000ce115      0x1ac ./Core/Src/main.o
                              0xc9da4 (size before relaxing)
 .debug_str     0x000ce2c1       0x2c ./Core/Src/stm32f4xx_hal_msp.o
                              0xc973b (size before relaxing)
 .debug_str     0x000ce2ed       0xc9 ./Core/Src/stm32f4xx_it.o
                              0xc96ae (size before relaxing)
 .debug_str     0x000ce3b6       0xcb ./Core/Src/system_stm32f4xx.o
                              0xc97eb (size before relaxing)
 .debug_str     0x000ce481       0xd7 ./Core/Src/usart.o
                              0xc9cc3 (size before relaxing)
 .debug_str     0x000ce558       0x44 ./Core/Startup/startup_stm32f427vitx.o
                                 0x76 (size before relaxing)
 .debug_str     0x000ce59c      0xb57 ./Drivers/STM32F4xx_HAL_Driver/Src/stm32f4xx_hal.o
                              0xca3f7 (size before relaxing)
 .debug_str     0x000cf0f3      0x38c ./Drivers/STM32F4xx_HAL_Driver/Src/stm32f4xx_hal_cortex.o
                              0xca125 (size before relaxing)
 .debug_str     0x000cf47f      0x15d ./Drivers/STM32F4xx_HAL_Driver/Src/stm32f4xx_hal_gpio.o
                              0xc9966 (size before relaxing)
 .debug_str     0x000cf5dc      0x228 ./Drivers/STM32F4xx_HAL_Driver/Src/stm32f4xx_hal_rcc.o
                              0xc9c1f (size before relaxing)
 .debug_str     0x000cf804      0x658 ./Drivers/STM32F4xx_HAL_Driver/Src/stm32f4xx_hal_uart.o
                              0xca1ed (size before relaxing)

.comment        0x00000000       0x43
 .comment       0x00000000       0x43 ./Core/Src/core_list_join.o
                                 0x44 (size before relaxing)
 .comment       0x00000043       0x44 ./Core/Src/core_main.o
 .comment       0x00000043       0x44 ./Core/Src/core_matrix.o
 .comment       0x00000043       0x44 ./Core/Src/core_portme.o
 .comment       0x00000043       0x44 ./Core/Src/core_state.o
 .comment       0x00000043       0x44 ./Core/Src/core_util.o
 .comment       0x00000043       0x44 ./Core/Src/cvt.o
 .comment       0x00000043       0x44 ./Core/Src/ee_printf.o
 .comment       0x00000043       0x44 ./Core/Src/gpio.o
 .comment       0x00000043       0x44 ./Core/Src/main.o
 .comment       0x00000043       0x44 ./Core/Src/stm32f4xx_hal_msp.o
 .comment       0x00000043       0x44 ./Core/Src/stm32f4xx_it.o
 .comment       0x00000043       0x44 ./Core/Src/system_stm32f4xx.o
 .comment       0x00000043       0x44 ./Core/Src/usart.o
 .comment       0x00000043       0x44 ./Drivers/STM32F4xx_HAL_Driver/Src/stm32f4xx_hal.o
 .comment       0x00000043       0x44 ./Drivers/STM32F4xx_HAL_Driver/Src/stm32f4xx_hal_cortex.o
 .comment       0x00000043       0x44 ./Drivers/STM32F4xx_HAL_Driver/Src/stm32f4xx_hal_gpio.o
 .comment       0x00000043       0x44 ./Drivers/STM32F4xx_HAL_Driver/Src/stm32f4xx_hal_rcc.o
 .comment       0x00000043       0x44 ./Drivers/STM32F4xx_HAL_Driver/Src/stm32f4xx_hal_uart.o

.debug_frame    0x00000000     0x2434
 .debug_frame   0x00000000      0x1e0 ./Core/Src/core_list_join.o
 .debug_frame   0x000001e0       0x60 ./Core/Src/core_main.o
 .debug_frame   0x00000240      0x170 ./Core/Src/core_matrix.o
 .debug_frame   0x000003b0      0x110 ./Core/Src/core_portme.o
 .debug_frame   0x000004c0       0xa8 ./Core/Src/core_state.o
 .debug_frame   0x00000568       0xf0 ./Core/Src/core_util.o
 .debug_frame   0x00000658       0xcc ./Core/Src/cvt.o
 .debug_frame   0x00000724      0x228 ./Core/Src/ee_printf.o
 .debug_frame   0x0000094c       0x38 ./Core/Src/gpio.o
 .debug_frame   0x00000984       0x6c ./Core/Src/main.o
 .debug_frame   0x000009f0       0x38 ./Core/Src/stm32f4xx_hal_msp.o
 .debug_frame   0x00000a28      0x104 ./Core/Src/stm32f4xx_it.o
 .debug_frame   0x00000b2c       0x58 ./Core/Src/system_stm32f4xx.o
 .debug_frame   0x00000b84       0x74 ./Core/Src/usart.o
 .debug_frame   0x00000bf8      0x3b4 ./Drivers/STM32F4xx_HAL_Driver/Src/stm32f4xx_hal.o
 .debug_frame   0x00000fac      0x508 ./Drivers/STM32F4xx_HAL_Driver/Src/stm32f4xx_hal_cortex.o
 .debug_frame   0x000014b4      0x14c ./Drivers/STM32F4xx_HAL_Driver/Src/stm32f4xx_hal_gpio.o
 .debug_frame   0x00001600      0x1f4 ./Drivers/STM32F4xx_HAL_Driver/Src/stm32f4xx_hal_rcc.o
 .debug_frame   0x000017f4      0x954 ./Drivers/STM32F4xx_HAL_Driver/Src/stm32f4xx_hal_uart.o
 .debug_frame   0x00002148       0x2c /mnt/disk0/st/stm32cubeide_1.16.1/plugins/com.st.stm32cube.ide.mcu.externaltools.gnu-tools-for-stm32.12.3.rel1.linux64_1.0.200.202406132123/tools/bin/../lib/gcc/arm-none-eabi/12.3.1/../../../../arm-none-eabi/lib/thumb/v7e-m+fp/hard/libc_nano.a(libc_a-init.o)
 .debug_frame   0x00002174       0x30 /mnt/disk0/st/stm32cubeide_1.16.1/plugins/com.st.stm32cube.ide.mcu.externaltools.gnu-tools-for-stm32.12.3.rel1.linux64_1.0.200.202406132123/tools/bin/../lib/gcc/arm-none-eabi/12.3.1/../../../../arm-none-eabi/lib/thumb/v7e-m+fp/hard/libc_nano.a(libm_a-s_modf.o)
 .debug_frame   0x000021a4       0x28 /mnt/disk0/st/stm32cubeide_1.16.1/plugins/com.st.stm32cube.ide.mcu.externaltools.gnu-tools-for-stm32.12.3.rel1.linux64_1.0.200.202406132123/tools/bin/../lib/gcc/arm-none-eabi/12.3.1/../../../../arm-none-eabi/lib/thumb/v7e-m+fp/hard/libc_nano.a(libm_a-s_fpclassify.o)
 .debug_frame   0x000021cc       0xac /mnt/disk0/st/stm32cubeide_1.16.1/plugins/com.st.stm32cube.ide.mcu.externaltools.gnu-tools-for-stm32.12.3.rel1.linux64_1.0.200.202406132123/tools/bin/../lib/gcc/arm-none-eabi/12.3.1/thumb/v7e-m+fp/hard/libgcc.a(_arm_addsubdf3.o)
 .debug_frame   0x00002278       0x50 /mnt/disk0/st/stm32cubeide_1.16.1/plugins/com.st.stm32cube.ide.mcu.externaltools.gnu-tools-for-stm32.12.3.rel1.linux64_1.0.200.202406132123/tools/bin/../lib/gcc/arm-none-eabi/12.3.1/thumb/v7e-m+fp/hard/libgcc.a(_arm_muldivdf3.o)
 .debug_frame   0x000022c8       0xc4 /mnt/disk0/st/stm32cubeide_1.16.1/plugins/com.st.stm32cube.ide.mcu.externaltools.gnu-tools-for-stm32.12.3.rel1.linux64_1.0.200.202406132123/tools/bin/../lib/gcc/arm-none-eabi/12.3.1/thumb/v7e-m+fp/hard/libgcc.a(_arm_cmpdf2.o)
 .debug_frame   0x0000238c       0x24 /mnt/disk0/st/stm32cubeide_1.16.1/plugins/com.st.stm32cube.ide.mcu.externaltools.gnu-tools-for-stm32.12.3.rel1.linux64_1.0.200.202406132123/tools/bin/../lib/gcc/arm-none-eabi/12.3.1/thumb/v7e-m+fp/hard/libgcc.a(_arm_fixdfsi.o)
 .debug_frame   0x000023b0       0x24 /mnt/disk0/st/stm32cubeide_1.16.1/plugins/com.st.stm32cube.ide.mcu.externaltools.gnu-tools-for-stm32.12.3.rel1.linux64_1.0.200.202406132123/tools/bin/../lib/gcc/arm-none-eabi/12.3.1/thumb/v7e-m+fp/hard/libgcc.a(_arm_fixunsdfsi.o)
 .debug_frame   0x000023d4       0x2c /mnt/disk0/st/stm32cubeide_1.16.1/plugins/com.st.stm32cube.ide.mcu.externaltools.gnu-tools-for-stm32.12.3.rel1.linux64_1.0.200.202406132123/tools/bin/../lib/gcc/arm-none-eabi/12.3.1/thumb/v7e-m+fp/hard/libgcc.a(_aeabi_uldivmod.o)
 .debug_frame   0x00002400       0x34 /mnt/disk0/st/stm32cubeide_1.16.1/plugins/com.st.stm32cube.ide.mcu.externaltools.gnu-tools-for-stm32.12.3.rel1.linux64_1.0.200.202406132123/tools/bin/../lib/gcc/arm-none-eabi/12.3.1/thumb/v7e-m+fp/hard/libgcc.a(_udivmoddi4.o)

.debug_line_str
                0x00000000       0x5a
 .debug_line_str
                0x00000000       0x5a ./Core/Startup/startup_stm32f427vitx.o
